// Jest Snapshot v1, https://goo.gl/fbAQLP

exports[`App layout component tests should render app layout component 1`] = `
<div>
  <header>
    <a
      class="headerTitleLink"
      href="/"
    >
      <h1
        class="headerTitle"
      >
        maSéance
      </h1>
    </a>
    <a
      class="headerTitleLogo"
      href="/"
    >
      <svg
        class="svgLogo"
        fill="none"
        viewBox="0 0 80 80"
        xmlns="http://www.w3.org/2000/svg"
      >
        <path
          clip-rule="evenodd"
          d="M16 7H64C68.4183 7 72 10.6884 72 15.2382V64.6677C72 69.2175 68.4183 72.9059 64 72.9059H16C11.5817 72.9059 8 69.2175 8 64.6677V15.2382C8 10.6884 11.5817 7 16 7Z"
          fill-rule="evenodd"
          stroke="#FFF1A7"
          stroke-linecap="round"
          stroke-linejoin="round"
        />
        <path
          d="M8 23.4764H72"
          stroke="#FFF1A7"
          stroke-linecap="round"
          stroke-linejoin="round"
        />
        <path
          d="M14.5963 57.49L16.6363 56.98V42.02L14.5963 41.51V41H17.6563C18.9937 41 20.0477 41.4307 20.8183 42.292C21.113 42.632 21.3623 43.0513 21.5663 43.55C21.9063 42.9153 22.269 42.4053 22.6543 42.02C23.6743 41 24.8417 40.49 26.1563 40.49C27.471 40.49 28.627 40.7847 29.6243 41.374C30.6217 41.9407 31.3923 42.7227 31.9363 43.72C32.2763 43.0627 32.639 42.53 33.0243 42.122C34.067 41.034 35.2343 40.49 36.5263 40.49C37.7277 40.49 38.8043 40.7393 39.7563 41.238C40.731 41.7367 41.479 42.4167 42.0003 43.278C42.5443 44.1393 42.8163 45.08 42.8163 46.1V56.98L44.8563 57.49V58H40.4363C38.3963 58 37.3763 56.98 37.3763 54.94V46.1C37.3763 44.6267 37.1497 43.5273 36.6963 42.802C36.243 42.054 35.733 41.68 35.1663 41.68C34.509 41.68 33.8403 42.1333 33.1603 43.04C32.8883 43.4707 32.6503 43.924 32.4463 44.4V56.98L34.4863 57.49V58H24.9663V57.49L27.0063 56.98V46.1C27.0063 44.6267 26.7797 43.5273 26.3263 42.802C25.873 42.054 25.363 41.68 24.7963 41.68C24.139 41.68 23.4703 42.1333 22.7903 43.04C22.5183 43.4707 22.2803 43.924 22.0763 44.4V56.98L24.1163 57.49V58H14.5963V57.49ZM55.573 58.51C53.9636 58.51 52.4563 58.1473 51.051 57.422C50.4163 57.1047 49.8836 56.7307 49.453 56.3C49.1356 56.8213 48.739 57.286 48.263 57.694C47.855 57.9887 47.6283 58.1473 47.583 58.17H46.733V51.71H48.093C48.433 52.8207 48.909 53.818 49.521 54.702C50.9036 56.674 52.6943 57.66 54.893 57.66C56.185 57.66 57.2163 57.2747 57.987 56.504C58.7576 55.7333 59.143 54.702 59.143 53.41C59.143 52.662 58.9163 51.9933 58.463 51.404C58.0323 50.8147 57.4883 50.2933 56.831 49.84C56.1736 49.3867 55.2556 48.82 54.077 48.14C52.581 47.3013 51.3683 46.542 50.439 45.862C49.5096 45.182 48.7163 44.332 48.059 43.312C47.4016 42.2693 47.073 41.0453 47.073 39.64C47.073 38.5293 47.379 37.532 47.991 36.648C48.6256 35.7413 49.5663 35.0273 50.813 34.506C52.0596 33.962 53.5896 33.69 55.403 33.69C56.7176 33.69 58.0323 34.064 59.347 34.812C59.8456 35.084 60.3443 35.4467 60.843 35.9C61.2283 35.3107 61.625 34.846 62.033 34.506C62.441 34.2113 62.6676 34.0527 62.713 34.03H63.563V40.49H62.203C61.9083 39.402 61.4663 38.416 60.877 37.532C60.333 36.6707 59.653 35.9567 58.837 35.39C58.0436 34.8233 57.1256 34.54 56.083 34.54C55.199 34.54 54.4396 34.8913 53.805 35.594C53.1703 36.2967 52.853 37.192 52.853 38.28C52.853 39.1187 53.091 39.878 53.567 40.558C54.0656 41.2153 54.6663 41.7933 55.369 42.292C56.0943 42.7907 57.069 43.3913 58.293 44.094C59.721 44.91 60.877 45.6353 61.761 46.27C62.645 46.9047 63.393 47.698 64.005 48.65C64.617 49.5793 64.923 50.656 64.923 51.88C64.923 53.104 64.5716 54.226 63.869 55.246C63.1663 56.2433 62.1123 57.0367 60.707 57.626C59.3016 58.2153 57.5903 58.51 55.573 58.51Z"
          fill="#FFF1A7"
        />
      </svg>
    </a>
    <div
      class="searchLayout"
    >
      <button
        class="searchBtn"
      >
        <label
          for="search"
        >
          <svg
            fill="none"
            height="30"
            viewBox="0 0 31 30"
            width="31"
            xmlns="http://www.w3.org/2000/svg"
          >
            <path
              d="M14.3009 23.75C19.7895 23.75 24.2388 19.2728 24.2388 13.75C24.2388 8.22715 19.7895 3.75 14.3009 3.75C8.81238 3.75 4.36304 8.22715 4.36304 13.75C4.36304 19.2728 8.81238 23.75 14.3009 23.75Z"
              stroke="#FAB32D"
              stroke-linecap="round"
              stroke-linejoin="round"
              stroke-width="2"
            />
            <path
              d="M26.7233 26.25L21.3196 20.8125"
              stroke="#FAB32D"
              stroke-linecap="round"
              stroke-linejoin="round"
              stroke-width="2"
            />
          </svg>
        </label>
      </button>
      <input
        class="searchInput"
        id="search"
        name="search"
        placeholder="Rechercher un cinéma, un film..."
        type="text"
      />
    </div>
    <nav
      class="headerButtons"
    >
      <a
        class="watchlistBtn"
        href="/watchlist"
      >
        <svg
          fill="none"
          height="28"
          viewBox="0 0 31 28"
          width="31"
          xmlns="http://www.w3.org/2000/svg"
        >
          <path
            d="M27.6729 3.65582L27.6747 3.65796C30.3334 6.7362 30.1354 11.8314 27.1687 14.9754L27.1679 14.9762L16.3348 26.5057L16.3331 26.5076C16.1803 26.6718 15.9996 26.801 15.8021 26.8891C15.6047 26.977 15.3937 27.0225 15.181 27.0236C14.9684 27.0246 14.757 26.9813 14.5587 26.8953C14.3604 26.8093 14.1785 26.682 14.0241 26.5192L14.0224 26.5174L2.79613 14.8019L2.79567 14.8014C2.06347 14.0393 1.48504 13.1264 1.09706 12.1178C0.709062 11.1091 0.520066 10.0269 0.542197 8.93746C0.564328 7.84804 0.797094 6.77561 1.22554 5.78592C1.65396 4.79628 2.26866 3.91101 3.0307 3.18343L3.0307 3.18343L3.03239 3.1818C5.93156 0.387534 10.7232 0.600565 13.6983 3.7187L13.6983 3.71872L13.7014 3.72189L14.7145 4.76508L15.0772 5.13854L15.4358 4.7609L16.7198 3.4086L16.7207 3.4076C17.4466 2.63891 18.3107 2.03414 19.2606 1.62809C20.2103 1.22215 21.2269 1.02277 22.25 1.04115C23.2729 1.06185 24.2817 1.30373 25.2141 1.75276C26.1468 2.20191 26.984 2.84914 27.6729 3.65582Z"
            stroke="#FFF1A7"
          />
        </svg>
        watchlist
      </a>
      <a
        class="agendaBtn"
        href="/agenda"
      >
        <svg
          fill="none"
          height="29"
          viewBox="0 0 28 29"
          width="28"
          xmlns="http://www.w3.org/2000/svg"
        >
          <path
            clip-rule="evenodd"
            d="M4.28466 0.5H23.9925C25.8065 0.5 27.2771 2.01437 27.2771 3.88245V24.1771C27.2771 26.0452 25.8065 27.5596 23.9925 27.5596H4.28466C2.47061 27.5596 1.00003 26.0452 1.00003 24.1771V3.88245C1.00003 2.01437 2.47061 0.5 4.28466 0.5Z"
            fill-rule="evenodd"
            stroke="#FFF1A7"
            stroke-linecap="round"
            stroke-linejoin="round"
          />
          <path
            d="M1.00003 7.26486H27.2771"
            stroke="#FFF1A7"
            stroke-linecap="round"
            stroke-linejoin="round"
          />
          <path
            d="M15.2809 14.0297C15.2809 14.7016 14.7557 15.2209 14.1386 15.2209C13.5214 15.2209 12.9962 14.7016 12.9962 14.0297C12.9962 13.3579 13.5214 12.8385 14.1386 12.8385C14.7557 12.8385 15.2809 13.3579 15.2809 14.0297Z"
            fill="#FFF1A7"
            stroke="#FFF1A7"
          />
          <path
            d="M8.71161 14.0298C8.71161 14.7016 8.18645 15.221 7.5693 15.221C6.95214 15.221 6.42698 14.7016 6.42698 14.0298C6.42698 13.358 6.95214 12.8386 7.5693 12.8386C8.18645 12.8386 8.71161 13.358 8.71161 14.0298Z"
            fill="#FFF1A7"
            stroke="#FFF1A7"
          />
          <path
            d="M21.8501 14.0297C21.8501 14.7016 21.325 15.2209 20.7078 15.2209C20.0907 15.2209 19.5655 14.7016 19.5655 14.0297C19.5655 13.3579 20.0907 12.8385 20.7078 12.8385C21.325 12.8385 21.8501 13.3579 21.8501 14.0297Z"
            fill="#FFF1A7"
            stroke="#FFF1A7"
          />
          <path
            d="M15.2809 20.7946C15.2809 21.4664 14.7557 21.9858 14.1386 21.9858C13.5214 21.9858 12.9962 21.4664 12.9962 20.7946C12.9962 20.1228 13.5214 19.6034 14.1386 19.6034C14.7557 19.6034 15.2809 20.1228 15.2809 20.7946Z"
            fill="#FFF1A7"
            stroke="#FFF1A7"
          />
          <path
            d="M8.71161 20.7946C8.71161 21.4664 8.18644 21.9858 7.56929 21.9858C6.95214 21.9858 6.42697 21.4664 6.42697 20.7946C6.42697 20.1228 6.95214 19.6034 7.56929 19.6034C8.18644 19.6034 8.71161 20.1228 8.71161 20.7946Z"
            fill="#FFF1A7"
            stroke="#FFF1A7"
          />
          <path
            d="M21.8501 20.7946C21.8501 21.4664 21.325 21.9858 20.7078 21.9858C20.0907 21.9858 19.5655 21.4664 19.5655 20.7946C19.5655 20.1228 20.0907 19.6034 20.7078 19.6034C21.325 19.6034 21.8501 20.1228 21.8501 20.7946Z"
            fill="#FFF1A7"
            stroke="#FFF1A7"
          />
        </svg>
        agenda
      </a>
      <a
        class="profileBtn"
        href="/profile"
      >
        <svg
          fill="none"
          height="30"
          viewBox="0 0 30 30"
          width="30"
          xmlns="http://www.w3.org/2000/svg"
        >
          <path
            d="M15.0001 0C6.72891 0 6.10352e-05 6.72885 6.10352e-05 15C6.10352e-05 23.2707 6.72891 30 15.0001 30C23.2707 30 30.0001 23.2707 30.0001 15C30.0001 6.72885 23.2707 0 15.0001 0ZM15.0001 1.47541C22.4573 1.47541 28.5247 7.5423 28.5247 15C28.5247 17.4757 27.8528 19.7966 26.6868 21.7943C25.7824 18.089 22.4066 15.1264 18.0655 14.1615C19.0722 13.2964 19.7135 12.0172 19.7135 10.589C19.7135 7.99033 17.5992 5.87607 15.0006 5.87607C12.4019 5.87607 10.2876 7.99033 10.2876 10.589C10.2876 12.0172 10.9284 13.2964 11.9351 14.1615C7.594 15.1264 4.21826 18.089 3.31432 21.7943C2.14727 19.7966 1.47547 17.4757 1.47547 15C1.47547 7.5423 7.54236 1.47541 15.0001 1.47541ZM11.7625 10.589C11.7625 8.80377 13.2148 7.35148 15.0001 7.35148C16.7853 7.35148 18.2376 8.80377 18.2376 10.589C18.2376 12.3743 16.7853 13.8266 15.0001 13.8266C13.2148 13.8266 11.7625 12.3743 11.7625 10.589ZM15.0001 28.5246C10.8015 28.5246 7.04416 26.6016 4.56154 23.5898C4.69137 19.0033 9.31875 15.302 15.0001 15.302C20.6814 15.302 25.3088 19.0028 25.4391 23.5898C22.956 26.6016 19.1986 28.5246 15.0001 28.5246Z"
            fill="#FAB32D"
          />
        </svg>
        <span>
          compte
        </span>
      </a>
    </nav>
  </header>
  <footer>
    <a
      class="logo"
      href="/"
    >
      maSéance
    </a>
    <nav>
      <a
        class="footerBtn"
        href="/"
      >
        <svg
          fill="none"
          height="24"
          viewBox="0 0 25 24"
          width="25"
          xmlns="http://www.w3.org/2000/svg"
        >
          <path
            d="M8.81449 23.099H6.35745C3.64347 23.099 1.44336 20.8518 1.44336 18.0798V10.1839C1.44336 8.4288 2.34093 6.80115 3.81046 5.89146L9.95308 2.08899C11.5186 1.11992 13.4815 1.11992 15.047 2.08899L21.1896 5.89146C22.6592 6.80115 23.5568 8.4288 23.5568 10.1839V18.0798C23.5568 20.8518 21.3566 23.099 18.6427 23.099H16.1856M8.81449 23.099V18.0798C8.81449 16.0006 10.4645 14.3153 12.5001 14.3153C14.5356 14.3153 16.1856 16.0006 16.1856 18.0798V23.099M8.81449 23.099H16.1856"
            stroke="#FFF1A7"
            stroke-linecap="round"
            stroke-linejoin="round"
            stroke-width="1.5"
          />
        </svg>
        accueil
      </a>
      <a
        class="footerBtn"
        href="/search"
      >
        <svg
          fill="none"
          height="30"
          viewBox="0 0 27 28"
          width="30"
          xmlns="http://www.w3.org/2000/svg"
        >
          <path
            d="M12.375 21.7372C17.3456 21.7372 21.375 17.7077 21.375 12.7372C21.375 7.76662 17.3456 3.73718 12.375 3.73718C7.40444 3.73718 3.375 7.76662 3.375 12.7372C3.375 17.7077 7.40444 21.7372 12.375 21.7372Z"
            stroke="#FFF1A7"
            stroke-linecap="round"
            stroke-linejoin="round"
            stroke-width="2"
          />
          <path
            d="M23.6252 23.9872L18.7314 19.0934"
            stroke="#FFF1A7"
            stroke-linecap="round"
            stroke-linejoin="round"
            stroke-width="2"
          />
        </svg>
        recherche
      </a>
      <a
        class="footerBtn"
        href="/agenda"
      >
        <svg
          fill="none"
          height="24"
          viewBox="0 0 23 24"
          width="23"
          xmlns="http://www.w3.org/2000/svg"
        >
          <path
            clip-rule="evenodd"
            d="M3.58433 1.36218H19.4155C20.8727 1.36218 22.054 2.57867 22.054 4.07929V20.3819C22.054 21.8825 20.8727 23.099 19.4155 23.099H3.58433C2.12711 23.099 0.945801 21.8825 0.945801 20.3819V4.07929C0.945801 2.57867 2.12711 1.36218 3.58433 1.36218Z"
            fill-rule="evenodd"
            stroke="#FFF1A7"
            stroke-linecap="round"
            stroke-linejoin="round"
          />
          <path
            d="M0.945801 6.79639H22.054"
            stroke="#FFF1A7"
            stroke-linecap="round"
            stroke-linejoin="round"
          />
          <path
            d="M12.3192 12.2306C12.3192 12.7187 11.9387 13.0892 11.4999 13.0892C11.0612 13.0892 10.6807 12.7187 10.6807 12.2306C10.6807 11.7425 11.0612 11.3721 11.4999 11.3721C11.9387 11.3721 12.3192 11.7425 12.3192 12.2306Z"
            fill="#FFF1A7"
            stroke="#FFF1A7"
          />
          <path
            d="M7.04234 12.2306C7.04234 12.7187 6.66181 13.0892 6.22307 13.0892C5.78434 13.0892 5.40381 12.7187 5.40381 12.2306C5.40381 11.7425 5.78434 11.3721 6.22307 11.3721C6.66181 11.3721 7.04234 11.7425 7.04234 12.2306Z"
            fill="#FFF1A7"
            stroke="#FFF1A7"
          />
          <path
            d="M17.5965 12.2306C17.5965 12.7187 17.216 13.0892 16.7773 13.0892C16.3385 13.0892 15.958 12.7187 15.958 12.2306C15.958 11.7425 16.3385 11.3721 16.7773 11.3721C17.216 11.3721 17.5965 11.7425 17.5965 12.2306Z"
            fill="#FFF1A7"
            stroke="#FFF1A7"
          />
          <path
            d="M12.3192 17.6648C12.3192 18.1529 11.9387 18.5234 11.4999 18.5234C11.0612 18.5234 10.6807 18.1529 10.6807 17.6648C10.6807 17.1767 11.0612 16.8063 11.4999 16.8063C11.9387 16.8063 12.3192 17.1767 12.3192 17.6648Z"
            fill="#FFF1A7"
            stroke="#FFF1A7"
          />
          <path
            d="M7.04234 17.6648C7.04234 18.1529 6.66181 18.5234 6.22307 18.5234C5.78434 18.5234 5.40381 18.1529 5.40381 17.6648C5.40381 17.1767 5.78434 16.8063 6.22307 16.8063C6.66181 16.8063 7.04234 17.1767 7.04234 17.6648Z"
            fill="#FFF1A7"
            stroke="#FFF1A7"
          />
          <path
            d="M17.5965 17.6648C17.5965 18.1529 17.216 18.5234 16.7773 18.5234C16.3385 18.5234 15.958 18.1529 15.958 17.6648C15.958 17.1767 16.3385 16.8063 16.7773 16.8063C17.216 16.8063 17.5965 17.1767 17.5965 17.6648Z"
            fill="#FFF1A7"
            stroke="#FFF1A7"
          />
        </svg>
        agenda
      </a>
      <a
        class="footerBtn"
        href="/watchlist"
      >
        <svg
          fill="none"
          height="23"
          viewBox="0 0 27 23"
          width="27"
          xmlns="http://www.w3.org/2000/svg"
        >
          <path
            d="M24.0298 3.02625L24.0317 3.02837C26.2306 5.53002 26.0706 9.679 23.6085 12.2428L23.6078 12.2436L14.5105 21.7574L14.5088 21.7593C14.3881 21.8867 14.2452 21.9872 14.0889 22.0556C13.9325 22.1241 13.7653 22.1596 13.5967 22.1604C13.428 22.1613 13.2605 22.1275 13.1035 22.0606C12.9465 21.9937 12.8026 21.8947 12.6808 21.7685L12.679 21.7667L3.25325 12.101L3.25278 12.1006C2.64604 11.48 2.16693 10.7369 1.84567 9.91604C1.52439 9.09518 1.36797 8.21452 1.38637 7.32809C1.40477 6.44166 1.59759 5.56894 1.95252 4.76343C2.30744 3.95794 2.81675 3.23713 3.4484 2.64452L3.4484 2.64452L3.45011 2.6429C5.85113 0.368942 9.82841 0.53855 12.2987 3.08262L12.2987 3.08263L12.3018 3.08578L13.1525 3.94644L13.5121 4.31028L13.8676 3.9423L14.9459 2.82642L14.9469 2.82542C15.5485 2.1993 16.2651 1.70642 17.0531 1.37538C17.8408 1.04442 18.6844 0.881765 19.5333 0.89667C20.3819 0.913479 21.2186 1.11059 21.9919 1.47641C22.7653 1.84234 23.4592 2.36952 24.0298 3.02625Z"
            stroke="#FFF1A7"
          />
        </svg>
        watchlist
      </a>
      <a
        class="footerBtn"
        href="/profile"
      >
        <svg
          fill="none"
          height="25"
          viewBox="0 0 24 25"
          width="24"
          xmlns="http://www.w3.org/2000/svg"
        >
          <path
            d="M12 0.362183C5.38308 0.362183 0 5.74526 0 12.3622C0 18.9787 5.38308 24.3622 12 24.3622C18.6165 24.3622 24 18.9787 24 12.3622C24 5.74526 18.6165 0.362183 12 0.362183ZM12 1.54251C17.9658 1.54251 22.8197 6.39602 22.8197 12.3622C22.8197 14.3428 22.2822 16.1994 21.3494 17.7976C20.6258 14.8334 17.9252 12.4633 14.4523 11.6914C15.2577 10.9993 15.7708 9.97595 15.7708 8.8334C15.7708 6.75445 14.0793 5.06304 12.0004 5.06304C9.92144 5.06304 8.23003 6.75445 8.23003 8.8334C8.23003 9.97595 8.74269 10.9993 9.54807 11.6914C6.07515 12.4633 3.37456 14.8334 2.65141 17.7976C1.71777 16.1994 1.18033 14.3428 1.18033 12.3622C1.18033 6.39602 6.03384 1.54251 12 1.54251ZM9.40997 8.8334C9.40997 7.4052 10.5718 6.24336 12 6.24336C13.4282 6.24336 14.59 7.4052 14.59 8.8334C14.59 10.2616 13.4282 11.4234 12 11.4234C10.5718 11.4234 9.40997 10.2616 9.40997 8.8334ZM12 23.1819C8.64118 23.1819 5.63528 21.6435 3.64918 19.2341C3.75305 15.5648 7.45495 12.6038 12 12.6038C16.545 12.6038 20.247 15.5644 20.3512 19.2341C18.3647 21.6435 15.3588 23.1819 12 23.1819Z"
            fill="#FFF1A7"
          />
        </svg>
        compte
      </a>
    </nav>
  </footer>
</div>
`;

exports[`App layout component tests should render spinner 1`] = `
<div>
  <header>
    <a
      class="headerTitleLink"
      href="/"
    >
      <h1
        class="headerTitle"
      >
        maSéance
      </h1>
    </a>
    <a
      class="headerTitleLogo"
      href="/"
    >
      <svg
        class="svgLogo"
        fill="none"
        viewBox="0 0 80 80"
        xmlns="http://www.w3.org/2000/svg"
      >
        <path
          clip-rule="evenodd"
          d="M16 7H64C68.4183 7 72 10.6884 72 15.2382V64.6677C72 69.2175 68.4183 72.9059 64 72.9059H16C11.5817 72.9059 8 69.2175 8 64.6677V15.2382C8 10.6884 11.5817 7 16 7Z"
          fill-rule="evenodd"
          stroke="#FFF1A7"
          stroke-linecap="round"
          stroke-linejoin="round"
        />
        <path
          d="M8 23.4764H72"
          stroke="#FFF1A7"
          stroke-linecap="round"
          stroke-linejoin="round"
        />
        <path
          d="M14.5963 57.49L16.6363 56.98V42.02L14.5963 41.51V41H17.6563C18.9937 41 20.0477 41.4307 20.8183 42.292C21.113 42.632 21.3623 43.0513 21.5663 43.55C21.9063 42.9153 22.269 42.4053 22.6543 42.02C23.6743 41 24.8417 40.49 26.1563 40.49C27.471 40.49 28.627 40.7847 29.6243 41.374C30.6217 41.9407 31.3923 42.7227 31.9363 43.72C32.2763 43.0627 32.639 42.53 33.0243 42.122C34.067 41.034 35.2343 40.49 36.5263 40.49C37.7277 40.49 38.8043 40.7393 39.7563 41.238C40.731 41.7367 41.479 42.4167 42.0003 43.278C42.5443 44.1393 42.8163 45.08 42.8163 46.1V56.98L44.8563 57.49V58H40.4363C38.3963 58 37.3763 56.98 37.3763 54.94V46.1C37.3763 44.6267 37.1497 43.5273 36.6963 42.802C36.243 42.054 35.733 41.68 35.1663 41.68C34.509 41.68 33.8403 42.1333 33.1603 43.04C32.8883 43.4707 32.6503 43.924 32.4463 44.4V56.98L34.4863 57.49V58H24.9663V57.49L27.0063 56.98V46.1C27.0063 44.6267 26.7797 43.5273 26.3263 42.802C25.873 42.054 25.363 41.68 24.7963 41.68C24.139 41.68 23.4703 42.1333 22.7903 43.04C22.5183 43.4707 22.2803 43.924 22.0763 44.4V56.98L24.1163 57.49V58H14.5963V57.49ZM55.573 58.51C53.9636 58.51 52.4563 58.1473 51.051 57.422C50.4163 57.1047 49.8836 56.7307 49.453 56.3C49.1356 56.8213 48.739 57.286 48.263 57.694C47.855 57.9887 47.6283 58.1473 47.583 58.17H46.733V51.71H48.093C48.433 52.8207 48.909 53.818 49.521 54.702C50.9036 56.674 52.6943 57.66 54.893 57.66C56.185 57.66 57.2163 57.2747 57.987 56.504C58.7576 55.7333 59.143 54.702 59.143 53.41C59.143 52.662 58.9163 51.9933 58.463 51.404C58.0323 50.8147 57.4883 50.2933 56.831 49.84C56.1736 49.3867 55.2556 48.82 54.077 48.14C52.581 47.3013 51.3683 46.542 50.439 45.862C49.5096 45.182 48.7163 44.332 48.059 43.312C47.4016 42.2693 47.073 41.0453 47.073 39.64C47.073 38.5293 47.379 37.532 47.991 36.648C48.6256 35.7413 49.5663 35.0273 50.813 34.506C52.0596 33.962 53.5896 33.69 55.403 33.69C56.7176 33.69 58.0323 34.064 59.347 34.812C59.8456 35.084 60.3443 35.4467 60.843 35.9C61.2283 35.3107 61.625 34.846 62.033 34.506C62.441 34.2113 62.6676 34.0527 62.713 34.03H63.563V40.49H62.203C61.9083 39.402 61.4663 38.416 60.877 37.532C60.333 36.6707 59.653 35.9567 58.837 35.39C58.0436 34.8233 57.1256 34.54 56.083 34.54C55.199 34.54 54.4396 34.8913 53.805 35.594C53.1703 36.2967 52.853 37.192 52.853 38.28C52.853 39.1187 53.091 39.878 53.567 40.558C54.0656 41.2153 54.6663 41.7933 55.369 42.292C56.0943 42.7907 57.069 43.3913 58.293 44.094C59.721 44.91 60.877 45.6353 61.761 46.27C62.645 46.9047 63.393 47.698 64.005 48.65C64.617 49.5793 64.923 50.656 64.923 51.88C64.923 53.104 64.5716 54.226 63.869 55.246C63.1663 56.2433 62.1123 57.0367 60.707 57.626C59.3016 58.2153 57.5903 58.51 55.573 58.51Z"
          fill="#FFF1A7"
        />
      </svg>
    </a>
    <div
      class="searchLayout"
    >
      <button
        class="searchBtn"
      >
        <label
          for="search"
        >
          <svg
            fill="none"
            height="30"
            viewBox="0 0 31 30"
            width="31"
            xmlns="http://www.w3.org/2000/svg"
          >
            <path
              d="M14.3009 23.75C19.7895 23.75 24.2388 19.2728 24.2388 13.75C24.2388 8.22715 19.7895 3.75 14.3009 3.75C8.81238 3.75 4.36304 8.22715 4.36304 13.75C4.36304 19.2728 8.81238 23.75 14.3009 23.75Z"
              stroke="#FAB32D"
              stroke-linecap="round"
              stroke-linejoin="round"
              stroke-width="2"
            />
            <path
              d="M26.7233 26.25L21.3196 20.8125"
              stroke="#FAB32D"
              stroke-linecap="round"
              stroke-linejoin="round"
              stroke-width="2"
            />
          </svg>
        </label>
      </button>
      <input
        class="searchInput"
        id="search"
        name="search"
        placeholder="Rechercher un cinéma, un film..."
        type="text"
      />
    </div>
    <nav
      class="headerButtons"
    >
      <a
        class="watchlistBtn"
        href="/watchlist"
      >
        <svg
          fill="none"
          height="28"
          viewBox="0 0 31 28"
          width="31"
          xmlns="http://www.w3.org/2000/svg"
        >
          <path
            d="M27.6729 3.65582L27.6747 3.65796C30.3334 6.7362 30.1354 11.8314 27.1687 14.9754L27.1679 14.9762L16.3348 26.5057L16.3331 26.5076C16.1803 26.6718 15.9996 26.801 15.8021 26.8891C15.6047 26.977 15.3937 27.0225 15.181 27.0236C14.9684 27.0246 14.757 26.9813 14.5587 26.8953C14.3604 26.8093 14.1785 26.682 14.0241 26.5192L14.0224 26.5174L2.79613 14.8019L2.79567 14.8014C2.06347 14.0393 1.48504 13.1264 1.09706 12.1178C0.709062 11.1091 0.520066 10.0269 0.542197 8.93746C0.564328 7.84804 0.797094 6.77561 1.22554 5.78592C1.65396 4.79628 2.26866 3.91101 3.0307 3.18343L3.0307 3.18343L3.03239 3.1818C5.93156 0.387534 10.7232 0.600565 13.6983 3.7187L13.6983 3.71872L13.7014 3.72189L14.7145 4.76508L15.0772 5.13854L15.4358 4.7609L16.7198 3.4086L16.7207 3.4076C17.4466 2.63891 18.3107 2.03414 19.2606 1.62809C20.2103 1.22215 21.2269 1.02277 22.25 1.04115C23.2729 1.06185 24.2817 1.30373 25.2141 1.75276C26.1468 2.20191 26.984 2.84914 27.6729 3.65582Z"
            stroke="#FFF1A7"
          />
        </svg>
        watchlist
      </a>
      <a
        class="agendaBtn"
        href="/agenda"
      >
        <svg
          fill="none"
          height="29"
          viewBox="0 0 28 29"
          width="28"
          xmlns="http://www.w3.org/2000/svg"
        >
          <path
            clip-rule="evenodd"
            d="M4.28466 0.5H23.9925C25.8065 0.5 27.2771 2.01437 27.2771 3.88245V24.1771C27.2771 26.0452 25.8065 27.5596 23.9925 27.5596H4.28466C2.47061 27.5596 1.00003 26.0452 1.00003 24.1771V3.88245C1.00003 2.01437 2.47061 0.5 4.28466 0.5Z"
            fill-rule="evenodd"
            stroke="#FFF1A7"
            stroke-linecap="round"
            stroke-linejoin="round"
          />
          <path
            d="M1.00003 7.26486H27.2771"
            stroke="#FFF1A7"
            stroke-linecap="round"
            stroke-linejoin="round"
          />
          <path
            d="M15.2809 14.0297C15.2809 14.7016 14.7557 15.2209 14.1386 15.2209C13.5214 15.2209 12.9962 14.7016 12.9962 14.0297C12.9962 13.3579 13.5214 12.8385 14.1386 12.8385C14.7557 12.8385 15.2809 13.3579 15.2809 14.0297Z"
            fill="#FFF1A7"
            stroke="#FFF1A7"
          />
          <path
            d="M8.71161 14.0298C8.71161 14.7016 8.18645 15.221 7.5693 15.221C6.95214 15.221 6.42698 14.7016 6.42698 14.0298C6.42698 13.358 6.95214 12.8386 7.5693 12.8386C8.18645 12.8386 8.71161 13.358 8.71161 14.0298Z"
            fill="#FFF1A7"
            stroke="#FFF1A7"
          />
          <path
            d="M21.8501 14.0297C21.8501 14.7016 21.325 15.2209 20.7078 15.2209C20.0907 15.2209 19.5655 14.7016 19.5655 14.0297C19.5655 13.3579 20.0907 12.8385 20.7078 12.8385C21.325 12.8385 21.8501 13.3579 21.8501 14.0297Z"
            fill="#FFF1A7"
            stroke="#FFF1A7"
          />
          <path
            d="M15.2809 20.7946C15.2809 21.4664 14.7557 21.9858 14.1386 21.9858C13.5214 21.9858 12.9962 21.4664 12.9962 20.7946C12.9962 20.1228 13.5214 19.6034 14.1386 19.6034C14.7557 19.6034 15.2809 20.1228 15.2809 20.7946Z"
            fill="#FFF1A7"
            stroke="#FFF1A7"
          />
          <path
            d="M8.71161 20.7946C8.71161 21.4664 8.18644 21.9858 7.56929 21.9858C6.95214 21.9858 6.42697 21.4664 6.42697 20.7946C6.42697 20.1228 6.95214 19.6034 7.56929 19.6034C8.18644 19.6034 8.71161 20.1228 8.71161 20.7946Z"
            fill="#FFF1A7"
            stroke="#FFF1A7"
          />
          <path
            d="M21.8501 20.7946C21.8501 21.4664 21.325 21.9858 20.7078 21.9858C20.0907 21.9858 19.5655 21.4664 19.5655 20.7946C19.5655 20.1228 20.0907 19.6034 20.7078 19.6034C21.325 19.6034 21.8501 20.1228 21.8501 20.7946Z"
            fill="#FFF1A7"
            stroke="#FFF1A7"
          />
        </svg>
        agenda
      </a>
      <a
        class="profileBtn"
        href="/profile"
      >
        <svg
          fill="none"
          height="30"
          viewBox="0 0 30 30"
          width="30"
          xmlns="http://www.w3.org/2000/svg"
        >
          <path
            d="M15.0001 0C6.72891 0 6.10352e-05 6.72885 6.10352e-05 15C6.10352e-05 23.2707 6.72891 30 15.0001 30C23.2707 30 30.0001 23.2707 30.0001 15C30.0001 6.72885 23.2707 0 15.0001 0ZM15.0001 1.47541C22.4573 1.47541 28.5247 7.5423 28.5247 15C28.5247 17.4757 27.8528 19.7966 26.6868 21.7943C25.7824 18.089 22.4066 15.1264 18.0655 14.1615C19.0722 13.2964 19.7135 12.0172 19.7135 10.589C19.7135 7.99033 17.5992 5.87607 15.0006 5.87607C12.4019 5.87607 10.2876 7.99033 10.2876 10.589C10.2876 12.0172 10.9284 13.2964 11.9351 14.1615C7.594 15.1264 4.21826 18.089 3.31432 21.7943C2.14727 19.7966 1.47547 17.4757 1.47547 15C1.47547 7.5423 7.54236 1.47541 15.0001 1.47541ZM11.7625 10.589C11.7625 8.80377 13.2148 7.35148 15.0001 7.35148C16.7853 7.35148 18.2376 8.80377 18.2376 10.589C18.2376 12.3743 16.7853 13.8266 15.0001 13.8266C13.2148 13.8266 11.7625 12.3743 11.7625 10.589ZM15.0001 28.5246C10.8015 28.5246 7.04416 26.6016 4.56154 23.5898C4.69137 19.0033 9.31875 15.302 15.0001 15.302C20.6814 15.302 25.3088 19.0028 25.4391 23.5898C22.956 26.6016 19.1986 28.5246 15.0001 28.5246Z"
            fill="#FAB32D"
          />
        </svg>
        <span>
          compte
        </span>
      </a>
    </nav>
  </header>
  <footer>
    <a
      class="logo"
      href="/"
    >
      maSéance
    </a>
    <nav>
      <a
        class="footerBtn"
        href="/"
      >
        <svg
          fill="none"
          height="24"
          viewBox="0 0 25 24"
          width="25"
          xmlns="http://www.w3.org/2000/svg"
        >
          <path
            d="M8.81449 23.099H6.35745C3.64347 23.099 1.44336 20.8518 1.44336 18.0798V10.1839C1.44336 8.4288 2.34093 6.80115 3.81046 5.89146L9.95308 2.08899C11.5186 1.11992 13.4815 1.11992 15.047 2.08899L21.1896 5.89146C22.6592 6.80115 23.5568 8.4288 23.5568 10.1839V18.0798C23.5568 20.8518 21.3566 23.099 18.6427 23.099H16.1856M8.81449 23.099V18.0798C8.81449 16.0006 10.4645 14.3153 12.5001 14.3153C14.5356 14.3153 16.1856 16.0006 16.1856 18.0798V23.099M8.81449 23.099H16.1856"
            stroke="#FFF1A7"
            stroke-linecap="round"
            stroke-linejoin="round"
            stroke-width="1.5"
          />
        </svg>
        accueil
      </a>
      <a
        class="footerBtn"
        href="/search"
      >
        <svg
          fill="none"
          height="30"
          viewBox="0 0 27 28"
          width="30"
          xmlns="http://www.w3.org/2000/svg"
        >
          <path
            d="M12.375 21.7372C17.3456 21.7372 21.375 17.7077 21.375 12.7372C21.375 7.76662 17.3456 3.73718 12.375 3.73718C7.40444 3.73718 3.375 7.76662 3.375 12.7372C3.375 17.7077 7.40444 21.7372 12.375 21.7372Z"
            stroke="#FFF1A7"
            stroke-linecap="round"
            stroke-linejoin="round"
            stroke-width="2"
          />
          <path
            d="M23.6252 23.9872L18.7314 19.0934"
            stroke="#FFF1A7"
            stroke-linecap="round"
            stroke-linejoin="round"
            stroke-width="2"
          />
        </svg>
        recherche
      </a>
      <a
        class="footerBtn"
        href="/agenda"
      >
        <svg
          fill="none"
          height="24"
          viewBox="0 0 23 24"
          width="23"
          xmlns="http://www.w3.org/2000/svg"
        >
          <path
            clip-rule="evenodd"
            d="M3.58433 1.36218H19.4155C20.8727 1.36218 22.054 2.57867 22.054 4.07929V20.3819C22.054 21.8825 20.8727 23.099 19.4155 23.099H3.58433C2.12711 23.099 0.945801 21.8825 0.945801 20.3819V4.07929C0.945801 2.57867 2.12711 1.36218 3.58433 1.36218Z"
            fill-rule="evenodd"
            stroke="#FFF1A7"
            stroke-linecap="round"
            stroke-linejoin="round"
          />
          <path
            d="M0.945801 6.79639H22.054"
            stroke="#FFF1A7"
            stroke-linecap="round"
            stroke-linejoin="round"
          />
          <path
            d="M12.3192 12.2306C12.3192 12.7187 11.9387 13.0892 11.4999 13.0892C11.0612 13.0892 10.6807 12.7187 10.6807 12.2306C10.6807 11.7425 11.0612 11.3721 11.4999 11.3721C11.9387 11.3721 12.3192 11.7425 12.3192 12.2306Z"
            fill="#FFF1A7"
            stroke="#FFF1A7"
          />
          <path
            d="M7.04234 12.2306C7.04234 12.7187 6.66181 13.0892 6.22307 13.0892C5.78434 13.0892 5.40381 12.7187 5.40381 12.2306C5.40381 11.7425 5.78434 11.3721 6.22307 11.3721C6.66181 11.3721 7.04234 11.7425 7.04234 12.2306Z"
            fill="#FFF1A7"
            stroke="#FFF1A7"
          />
          <path
            d="M17.5965 12.2306C17.5965 12.7187 17.216 13.0892 16.7773 13.0892C16.3385 13.0892 15.958 12.7187 15.958 12.2306C15.958 11.7425 16.3385 11.3721 16.7773 11.3721C17.216 11.3721 17.5965 11.7425 17.5965 12.2306Z"
            fill="#FFF1A7"
            stroke="#FFF1A7"
          />
          <path
            d="M12.3192 17.6648C12.3192 18.1529 11.9387 18.5234 11.4999 18.5234C11.0612 18.5234 10.6807 18.1529 10.6807 17.6648C10.6807 17.1767 11.0612 16.8063 11.4999 16.8063C11.9387 16.8063 12.3192 17.1767 12.3192 17.6648Z"
            fill="#FFF1A7"
            stroke="#FFF1A7"
          />
          <path
            d="M7.04234 17.6648C7.04234 18.1529 6.66181 18.5234 6.22307 18.5234C5.78434 18.5234 5.40381 18.1529 5.40381 17.6648C5.40381 17.1767 5.78434 16.8063 6.22307 16.8063C6.66181 16.8063 7.04234 17.1767 7.04234 17.6648Z"
            fill="#FFF1A7"
            stroke="#FFF1A7"
          />
          <path
            d="M17.5965 17.6648C17.5965 18.1529 17.216 18.5234 16.7773 18.5234C16.3385 18.5234 15.958 18.1529 15.958 17.6648C15.958 17.1767 16.3385 16.8063 16.7773 16.8063C17.216 16.8063 17.5965 17.1767 17.5965 17.6648Z"
            fill="#FFF1A7"
            stroke="#FFF1A7"
          />
        </svg>
        agenda
      </a>
      <a
        class="footerBtn"
        href="/watchlist"
      >
        <svg
          fill="none"
          height="23"
          viewBox="0 0 27 23"
          width="27"
          xmlns="http://www.w3.org/2000/svg"
        >
          <path
            d="M24.0298 3.02625L24.0317 3.02837C26.2306 5.53002 26.0706 9.679 23.6085 12.2428L23.6078 12.2436L14.5105 21.7574L14.5088 21.7593C14.3881 21.8867 14.2452 21.9872 14.0889 22.0556C13.9325 22.1241 13.7653 22.1596 13.5967 22.1604C13.428 22.1613 13.2605 22.1275 13.1035 22.0606C12.9465 21.9937 12.8026 21.8947 12.6808 21.7685L12.679 21.7667L3.25325 12.101L3.25278 12.1006C2.64604 11.48 2.16693 10.7369 1.84567 9.91604C1.52439 9.09518 1.36797 8.21452 1.38637 7.32809C1.40477 6.44166 1.59759 5.56894 1.95252 4.76343C2.30744 3.95794 2.81675 3.23713 3.4484 2.64452L3.4484 2.64452L3.45011 2.6429C5.85113 0.368942 9.82841 0.53855 12.2987 3.08262L12.2987 3.08263L12.3018 3.08578L13.1525 3.94644L13.5121 4.31028L13.8676 3.9423L14.9459 2.82642L14.9469 2.82542C15.5485 2.1993 16.2651 1.70642 17.0531 1.37538C17.8408 1.04442 18.6844 0.881765 19.5333 0.89667C20.3819 0.913479 21.2186 1.11059 21.9919 1.47641C22.7653 1.84234 23.4592 2.36952 24.0298 3.02625Z"
            stroke="#FFF1A7"
          />
        </svg>
        watchlist
      </a>
      <a
        class="footerBtn"
        href="/profile"
      >
        <svg
          fill="none"
          height="25"
          viewBox="0 0 24 25"
          width="24"
          xmlns="http://www.w3.org/2000/svg"
        >
          <path
            d="M12 0.362183C5.38308 0.362183 0 5.74526 0 12.3622C0 18.9787 5.38308 24.3622 12 24.3622C18.6165 24.3622 24 18.9787 24 12.3622C24 5.74526 18.6165 0.362183 12 0.362183ZM12 1.54251C17.9658 1.54251 22.8197 6.39602 22.8197 12.3622C22.8197 14.3428 22.2822 16.1994 21.3494 17.7976C20.6258 14.8334 17.9252 12.4633 14.4523 11.6914C15.2577 10.9993 15.7708 9.97595 15.7708 8.8334C15.7708 6.75445 14.0793 5.06304 12.0004 5.06304C9.92144 5.06304 8.23003 6.75445 8.23003 8.8334C8.23003 9.97595 8.74269 10.9993 9.54807 11.6914C6.07515 12.4633 3.37456 14.8334 2.65141 17.7976C1.71777 16.1994 1.18033 14.3428 1.18033 12.3622C1.18033 6.39602 6.03384 1.54251 12 1.54251ZM9.40997 8.8334C9.40997 7.4052 10.5718 6.24336 12 6.24336C13.4282 6.24336 14.59 7.4052 14.59 8.8334C14.59 10.2616 13.4282 11.4234 12 11.4234C10.5718 11.4234 9.40997 10.2616 9.40997 8.8334ZM12 23.1819C8.64118 23.1819 5.63528 21.6435 3.64918 19.2341C3.75305 15.5648 7.45495 12.6038 12 12.6038C16.545 12.6038 20.247 15.5644 20.3512 19.2341C18.3647 21.6435 15.3588 23.1819 12 23.1819Z"
            fill="#FFF1A7"
          />
        </svg>
        compte
      </a>
    </nav>
  </footer>
</div>
`;
