// Jest Snapshot v1, https://goo.gl/fbAQLP

exports[`Theater Details Component renders theater details component 1`] = `
<div>
  <div>
    TheaterDetails
  </div>
</div>
`;
