// Jest Snapshot v1, https://goo.gl/fbAQLP

exports[`Empty home section component renders Empty home section component for movie 1`] = `
<div>
  <div
    class="emptySection"
  >
    <p>
      Vous n'avez pas encore de films dans votre watchlist
    </p>
  </div>
</div>
`;

exports[`Empty home section component renders Empty home section component for theater 1`] = `
<div>
  <div
    class="emptySection"
  >
    <p>
      Vous n'avez pas encore de cin√©mas favoris
    </p>
  </div>
</div>
`;
