// Jest Snapshot v1, https://goo.gl/fbAQLP

exports[`Home Component renders Home component 1`] = `<div />`;
